// Jest Snapshot v1, https://goo.gl/fbAQLP

exports[`PatternFromPlainText can be created with a .cell without meta  1`] = `
XOO
XXX
`;

exports[`PatternFromPlainText can be created with a complete *.cell file 1`] = `
OXO
OOX
XXX
`;
