// Jest Snapshot v1, https://goo.gl/fbAQLP

exports[`Bound create fails when max is lower then min  1`] = `"max can not be lower then min"`;
